(module
  (export "empty" (func $func1))
  (export "singular" (func $func2))
  (export "multi" (func $func3))
  (export "nested" (func $func4))
  (export "deep" (func $func5))
  (export "as-unary-operand" (func $func6))
  (export "as-binary-operand" (func $func7))
  (export "as-test-operand" (func $func8))
  (export "as-compare-operand" (func $func9))
  (export "break-bare" (func $func10))
  (export "break-value" (func $func11))
  (export "break-repeated" (func $func12))
  (export "break-inner" (func $func13))
  (export "effects" (func $func14))
  (func $func0
  )
  (func $func1
    block
    end
    block
    end
  )
  (func $func2 (result i32)
    block
      nop
    end
    block (result i32)
      i32.const 7
    end
  )
  (func $func3 (result i32)
    block
      call $func0
      call $func0
      call $func0
      call $func0
    end
    block (result i32)
      call $func0
      call $func0
      call $func0
      i32.const 8
    end
  )
  (func $func4 (result i32)
    block (result i32)
      block
        call $func0
        block
        end
        nop
      end
      block (result i32)
        call $func0
        i32.const 9
      end
    end
  )
  (func $func5 (result i32)
    block (result i32)
      block (result i32)
        block (result i32)
          block (result i32)
            block (result i32)
              block (result i32)
                block (result i32)
                  block (result i32)
                    block (result i32)
                      block (result i32)
                        block (result i32)
                          block (result i32)
                            block (result i32)
                              block (result i32)
                                block (result i32)
                                  block (result i32)
                                    block (result i32)
                                      block (result i32)
                                        block (result i32)
                                          block (result i32)
                                            block (result i32)
                                              block (result i32)
                                                block (result i32)
                                                  block (result i32)
                                                    block (result i32)
                                                      block (result i32)
                                                        block (result i32)
                                                          block (result i32)
                                                            block (result i32)
                                                              block (result i32)
                                                                block (result i32)
                                                                  block (result i32)
                                                                    block (result i32)
                                                                      block (result i32)
                                                                        block (result i32)
                                                                          block (result i32)
                                                                            block (result i32)
                                                                              block (result i32)
                                                                                call $func0
                                                                                i32.const 150
                                                                              end
                                                                            end
                                                                          end
                                                                        end
                                                                      end
                                                                    end
                                                                  end
                                                                end
                                                              end
                                                            end
                                                          end
                                                        end
                                                      end
                                                    end
                                                  end
                                                end
                                              end
                                            end
                                          end
                                        end
                                      end
                                    end
                                  end
                                end
                              end
                            end
                          end
                        end
                      end
                    end
                  end
                end
              end
            end
          end
        end
      end
    end
  )
  (func $func6 (result i32)
    block (result i32)
      call $func0
      i32.const 13
    end
    i32.ctz
  )
  (func $func7 (result i32)
    block (result i32)
      call $func0
      i32.const 3
    end
    block (result i32)
      call $func0
      i32.const 4
    end
    i32.mul
  )
  (func $func8 (result i32)
    block (result i32)
      call $func0
      i32.const 13
    end
    i32.eqz
  )
  (func $func9 (result i32)
    block (result f32)
      call $func0
      f32.const 3
    end
    block (result f32)
      call $func0
      f32.const 3
    end
    f32.gt
  )
  (func $func10 (result i32)
    block $label0
      br $label0
      unreachable
    end $label0
    block $label1
      i32.const 1
      br_if $label1
      unreachable
    end $label1
    block $label2
      i32.const 0
      br_table $label2
      unreachable
    end $label2
    block $label3
      i32.const 1
      br_table $label3 $label3 $label3
      unreachable
    end $label3
    i32.const 19
  )
  (func $func11 (result i32)
    block $label0 (result i32)
      i32.const 18
      br $label0
      i32.const 19
    end $label0
  )
  (func $func12 (result i32)
    block $label0 (result i32)
      i32.const 18
      br $label0
      i32.const 19
      br $label0
      i32.const 20
      i32.const 0
      br_if $label0
      drop
      i32.const 20
      i32.const 1
      br_if $label0
      drop
      i32.const 21
      br $label0
      i32.const 22
      i32.const 4
      br_table $label0
      i32.const 23
      i32.const 1
      br_table $label0 $label0 $label0
      i32.const 21
    end $label0
  )
  (func $func13 (result i32)
    (local $var0 i32)
    i32.const 0
    local.set $var0
    local.get $var0
    block $label0 (result i32)
      block (result i32)
        i32.const 1
        br $label0
      end
    end $label0
    i32.add
    local.set $var0
    local.get $var0
    block (result i32)
      block $label1
        br $label1
      end $label1
      i32.const 2
    end
    i32.add
    local.set $var0
    local.get $var0
    block $label2 (result i32)
      i32.const 4
      br $label2
      i32.ctz
    end $label2
    i32.add
    local.set $var0
    local.get $var0
    block $label3 (result i32)
      block (result i32)
        i32.const 8
        br $label3
      end
      i32.ctz
    end $label3
    i32.add
    local.set $var0
    local.get $var0
  )
  (func $func14 (result i32)
    (local $var0 i32)
    block $label0
      i32.const 1
      local.set $var0
      local.get $var0
      i32.const 3
      i32.mul
      local.set $var0
      local.get $var0
      i32.const 5
      i32.sub
      local.set $var0
      local.get $var0
      i32.const 7
      i32.mul
      local.set $var0
      br $label0
      local.get $var0
      i32.const 100
      i32.mul
      local.set $var0
    end $label0
    local.get $var0
    i32.const -14
    i32.eq
  )
)
