(module
  (type $type0 (func (param f32) (result i32)))
  (type $type1 (func (param f64) (result i32)))
  (type $type2 (func (param f32) (result i64)))
  (type $type3 (func (param f64) (result i64)))
  (export "i32.trunc_s:sat_f32" (func $func0))
  (export "i32.trunc_u:sat_f32" (func $func1))
  (export "i32.trunc_s:sat_f64" (func $func2))
  (export "i32.trunc_u:sat_f64" (func $func3))
  (export "i64.trunc_s:sat_f32" (func $func4))
  (export "i64.trunc_u:sat_f32" (func $func5))
  (export "i64.trunc_s:sat_f64" (func $func6))
  (export "i64.trunc_u:sat_f64" (func $func7))
  (func $func0 (param $var0 f32) (result i32)
    local.get $var0
    i32.trunc_sat_f32_s
  )
  (func $func1 (param $var0 f32) (result i32)
    local.get $var0
    i32.trunc_sat_f32_u
  )
  (func $func2 (param $var0 f64) (result i32)
    local.get $var0
    i32.trunc_sat_f64_s
  )
  (func $func3 (param $var0 f64) (result i32)
    local.get $var0
    i32.trunc_sat_f64_u
  )
  (func $func4 (param $var0 f32) (result i64)
    local.get $var0
    i64.trunc_sat_f32_s
  )
  (func $func5 (param $var0 f32) (result i64)
    local.get $var0
    i64.trunc_sat_f32_u
  )
  (func $func6 (param $var0 f64) (result i64)
    local.get $var0
    i64.trunc_sat_f64_s
  )
  (func $func7 (param $var0 f64) (result i64)
    local.get $var0
    i64.trunc_sat_f64_u
  )
)
