(module
  (export "eq" (func $func0))
  (export "ne" (func $func1))
  (export "lt" (func $func2))
  (export "le" (func $func3))
  (export "gt" (func $func4))
  (export "ge" (func $func5))
  (func $func0 (param $var0 f32) (param $var1 f32) (result i32)
    local.get $var0
    local.get $var1
    f32.eq
  )
  (func $func1 (param $var0 f32) (param $var1 f32) (result i32)
    local.get $var0
    local.get $var1
    f32.ne
  )
  (func $func2 (param $var0 f32) (param $var1 f32) (result i32)
    local.get $var0
    local.get $var1
    f32.lt
  )
  (func $func3 (param $var0 f32) (param $var1 f32) (result i32)
    local.get $var0
    local.get $var1
    f32.le
  )
  (func $func4 (param $var0 f32) (param $var1 f32) (result i32)
    local.get $var0
    local.get $var1
    f32.gt
  )
  (func $func5 (param $var0 f32) (param $var1 f32) (result i32)
    local.get $var0
    local.get $var1
    f32.ge
  )
)
