(module
  (export "abs" (func $func0))
  (export "neg" (func $func1))
  (export "copysign" (func $func2))
  (func $func0 (param $var0 f32) (result f32)
    local.get $var0
    f32.abs
  )
  (func $func1 (param $var0 f32) (result f32)
    local.get $var0
    f32.neg
  )
  (func $func2 (param $var0 f32) (param $var1 f32) (result f32)
    local.get $var0
    local.get $var1
    f32.copysign
  )
)
