(module
  (memory $memory0 1 1)
  (export "init" (func $func0))
  (export "run" (func $func1))
  (export "check" (func $func2))
  (func $func0 (param $var0 i32) (param $var1 f64)
    local.get $var0
    local.get $var1
    f64.store
  )
  (func $func1 (param $var0 i32) (param $var1 f64)
    (local $var2 i32)
    block
      loop $label0
        local.get $var2
        local.get $var2
        f64.load
        local.get $var1
        f64.div
        f64.store
        local.get $var2
        i32.const 8
        i32.add
        local.set $var2
        local.get $var2
        local.get $var0
        i32.lt_u
        br_if $label0
      end $label0
    end
  )
  (func $func2 (param $var0 i32) (result f64)
    local.get $var0
    f64.load
  )
)
