(module
  (export "f32.no_extended_precision_div" (func $func0))
  (export "f64.no_extended_precision_div" (func $func1))
  (func $func0 (param $var0 f32) (param $var1 f32) (param $var2 f32) (result i32)
    local.get $var0
    local.get $var1
    f32.div
    local.get $var2
    f32.eq
  )
  (func $func1 (param $var0 f64) (param $var1 f64) (param $var2 f64) (result i32)
    local.get $var0
    local.get $var1
    f64.div
    local.get $var2
    f64.eq
  )
)
