(module
  (export "f32.no_fold_lt_select_to_abs" (func $func0))
  (export "f32.no_fold_le_select_to_abs" (func $func1))
  (export "f32.no_fold_gt_select_to_abs" (func $func2))
  (export "f32.no_fold_ge_select_to_abs" (func $func3))
  (export "f64.no_fold_lt_select_to_abs" (func $func4))
  (export "f64.no_fold_le_select_to_abs" (func $func5))
  (export "f64.no_fold_gt_select_to_abs" (func $func6))
  (export "f64.no_fold_ge_select_to_abs" (func $func7))
  (func $func0 (param $var0 f32) (result f32)
    local.get $var0
    f32.neg
    local.get $var0
    local.get $var0
    f32.const 0.0
    f32.lt
    select
  )
  (func $func1 (param $var0 f32) (result f32)
    local.get $var0
    f32.neg
    local.get $var0
    local.get $var0
    f32.const -0.0
    f32.le
    select
  )
  (func $func2 (param $var0 f32) (result f32)
    local.get $var0
    local.get $var0
    f32.neg
    local.get $var0
    f32.const -0.0
    f32.gt
    select
  )
  (func $func3 (param $var0 f32) (result f32)
    local.get $var0
    local.get $var0
    f32.neg
    local.get $var0
    f32.const 0.0
    f32.ge
    select
  )
  (func $func4 (param $var0 f64) (result f64)
    local.get $var0
    f64.neg
    local.get $var0
    local.get $var0
    f64.const 0.0
    f64.lt
    select
  )
  (func $func5 (param $var0 f64) (result f64)
    local.get $var0
    f64.neg
    local.get $var0
    local.get $var0
    f64.const -0.0
    f64.le
    select
  )
  (func $func6 (param $var0 f64) (result f64)
    local.get $var0
    local.get $var0
    f64.neg
    local.get $var0
    f64.const -0.0
    f64.gt
    select
  )
  (func $func7 (param $var0 f64) (result f64)
    local.get $var0
    local.get $var0
    f64.neg
    local.get $var0
    f64.const 0.0
    f64.ge
    select
  )
)
