(module
  (export "f32.no_fold_sub_self" (func $func0))
  (export "f64.no_fold_sub_self" (func $func1))
  (func $func0 (param $var0 f32) (result f32)
    local.get $var0
    local.get $var0
    f32.sub
  )
  (func $func1 (param $var0 f64) (result f64)
    local.get $var0
    local.get $var0
    f64.sub
  )
)
