(module
  (export "f32.no_fold_recip_recip" (func $func0))
  (export "f64.no_fold_recip_recip" (func $func1))
  (func $func0 (param $var0 f32) (result f32)
    f32.const 1
    f32.const 1
    local.get $var0
    f32.div
    f32.div
  )
  (func $func1 (param $var0 f64) (result f64)
    f64.const 1
    f64.const 1
    local.get $var0
    f64.div
    f64.div
  )
)
