(module
  (export "no_demote_mixed_sub" (func $func0))
  (func $func0 (param $var0 f64) (param $var1 f32) (result f32)
    local.get $var0
    local.get $var1
    f64.promote_f32
    f64.sub
    f32.demote_f64
  )
)
