(module
  (export "f32.epsilon" (func $func0))
  (export "f64.epsilon" (func $func1))
  (func $func0 (result f32)
    f32.const 1
    f32.const 3
    f32.const 4
    f32.const 3
    f32.div
    f32.const 1
    f32.sub
    f32.mul
    f32.sub
  )
  (func $func1 (result f64)
    f64.const 1
    f64.const 3
    f64.const 4
    f64.const 3
    f64.div
    f64.const 1
    f64.sub
    f64.mul
    f64.sub
  )
)
