(module
  (export "f32.not_lt" (func $func0))
  (export "f32.not_le" (func $func1))
  (export "f32.not_gt" (func $func2))
  (export "f32.not_ge" (func $func3))
  (export "f64.not_lt" (func $func4))
  (export "f64.not_le" (func $func5))
  (export "f64.not_gt" (func $func6))
  (export "f64.not_ge" (func $func7))
  (func $func0 (param $var0 f32) (param $var1 f32) (result i32)
    local.get $var0
    local.get $var1
    f32.lt
    i32.eqz
  )
  (func $func1 (param $var0 f32) (param $var1 f32) (result i32)
    local.get $var0
    local.get $var1
    f32.le
    i32.eqz
  )
  (func $func2 (param $var0 f32) (param $var1 f32) (result i32)
    local.get $var0
    local.get $var1
    f32.gt
    i32.eqz
  )
  (func $func3 (param $var0 f32) (param $var1 f32) (result i32)
    local.get $var0
    local.get $var1
    f32.ge
    i32.eqz
  )
  (func $func4 (param $var0 f64) (param $var1 f64) (result i32)
    local.get $var0
    local.get $var1
    f64.lt
    i32.eqz
  )
  (func $func5 (param $var0 f64) (param $var1 f64) (result i32)
    local.get $var0
    local.get $var1
    f64.le
    i32.eqz
  )
  (func $func6 (param $var0 f64) (param $var1 f64) (result i32)
    local.get $var0
    local.get $var1
    f64.gt
    i32.eqz
  )
  (func $func7 (param $var0 f64) (param $var1 f64) (result i32)
    local.get $var0
    local.get $var1
    f64.ge
    i32.eqz
  )
)
