(module
  (memory $memory0 1 1)
  (export "f32.load" (func $func0))
  (export "i32.load" (func $func1))
  (export "f32.store" (func $func2))
  (export "i32.store" (func $func3))
  (export "reset" (func $func4))
  (func $func0 (result f32)
    i32.const 0
    f32.load
  )
  (func $func1 (result i32)
    i32.const 0
    i32.load
  )
  (func $func2
    i32.const 0
    f32.const +nan:0x500001
    f32.store
  )
  (func $func3
    i32.const 0
    i32.const 2144337921
    i32.store
  )
  (func $func4
    i32.const 0
    i32.const 0
    i32.store
  )
  (data (i32.const 0) "\01\00\d0\7f")
)
