(module
  (export "f32.no_fold_add_zero" (func $func0))
  (export "f64.no_fold_add_zero" (func $func1))
  (func $func0 (param $var0 f32) (result f32)
    local.get $var0
    f32.const 0.0
    f32.add
  )
  (func $func1 (param $var0 f64) (result f64)
    local.get $var0
    f64.const 0.0
    f64.add
  )
)
