(module
  (export "f32.no_factor" (func $func0))
  (export "f64.no_factor" (func $func1))
  (func $func0 (param $var0 f32) (param $var1 f32) (param $var2 f32) (result f32)
    local.get $var0
    local.get $var2
    f32.mul
    local.get $var1
    local.get $var2
    f32.mul
    f32.add
  )
  (func $func1 (param $var0 f64) (param $var1 f64) (param $var2 f64) (result f64)
    local.get $var0
    local.get $var2
    f64.mul
    local.get $var1
    local.get $var2
    f64.mul
    f64.add
  )
)
