(module
  (memory $memory0 1 1)
  (export "f32.simple_x4_sum" (func $func0))
  (export "f32.load" (func $func1))
  (func $func0 (param $var0 i32) (param $var1 i32) (param $var2 i32)
    (local $var3 f32) (local $var4 f32) (local $var5 f32) (local $var6 f32) (local $var7 f32) (local $var8 f32) (local $var9 f32) (local $var10 f32)
    local.get $var0
    f32.load
    local.set $var3
    local.get $var0
    f32.load offset=4
    local.set $var4
    local.get $var0
    f32.load offset=8
    local.set $var5
    local.get $var0
    f32.load offset=12
    local.set $var6
    local.get $var1
    f32.load
    local.set $var7
    local.get $var1
    f32.load offset=4
    local.set $var8
    local.get $var1
    f32.load offset=8
    local.set $var9
    local.get $var1
    f32.load offset=12
    local.set $var10
    local.get $var2
    local.get $var3
    local.get $var7
    f32.add
    f32.store
    local.get $var2
    local.get $var4
    local.get $var8
    f32.add
    f32.store offset=4
    local.get $var2
    local.get $var5
    local.get $var9
    f32.add
    f32.store offset=8
    local.get $var2
    local.get $var6
    local.get $var10
    f32.add
    f32.store offset=12
  )
  (func $func1 (param $var0 i32) (result f32)
    local.get $var0
    f32.load
  )
  (data (i32.const 0) "\01\00\00\00\01\00\00\80\01\00\00\00\01\00\00\80\01\00\00\00\01\00\00\00\00\00\00\00\00\00\00\00\00\00\00\00\00\00\00\00\00\00\00\00\00\00\00\00")
)
