(module
  (export "f32.add" (func $func0))
  (export "f32.sub" (func $func1))
  (export "f32.mul" (func $func2))
  (export "f32.div" (func $func3))
  (export "f32.sqrt" (func $func4))
  (export "f32.abs" (func $func5))
  (export "f32.neg" (func $func6))
  (export "f32.copysign" (func $func7))
  (export "f32.ceil" (func $func8))
  (export "f32.floor" (func $func9))
  (export "f32.trunc" (func $func10))
  (export "f32.nearest" (func $func11))
  (export "f32.min" (func $func12))
  (export "f32.max" (func $func13))
  (export "f64.add" (func $func14))
  (export "f64.sub" (func $func15))
  (export "f64.mul" (func $func16))
  (export "f64.div" (func $func17))
  (export "f64.sqrt" (func $func18))
  (export "f64.abs" (func $func19))
  (export "f64.neg" (func $func20))
  (export "f64.copysign" (func $func21))
  (export "f64.ceil" (func $func22))
  (export "f64.floor" (func $func23))
  (export "f64.trunc" (func $func24))
  (export "f64.nearest" (func $func25))
  (export "f64.min" (func $func26))
  (export "f64.max" (func $func27))
  (func $func0 (param $var0 f32) (param $var1 f32) (result f32)
    local.get $var0
    local.get $var1
    f32.add
  )
  (func $func1 (param $var0 f32) (param $var1 f32) (result f32)
    local.get $var0
    local.get $var1
    f32.sub
  )
  (func $func2 (param $var0 f32) (param $var1 f32) (result f32)
    local.get $var0
    local.get $var1
    f32.mul
  )
  (func $func3 (param $var0 f32) (param $var1 f32) (result f32)
    local.get $var0
    local.get $var1
    f32.div
  )
  (func $func4 (param $var0 f32) (result f32)
    local.get $var0
    f32.sqrt
  )
  (func $func5 (param $var0 f32) (result f32)
    local.get $var0
    f32.abs
  )
  (func $func6 (param $var0 f32) (result f32)
    local.get $var0
    f32.neg
  )
  (func $func7 (param $var0 f32) (param $var1 f32) (result f32)
    local.get $var0
    local.get $var1
    f32.copysign
  )
  (func $func8 (param $var0 f32) (result f32)
    local.get $var0
    f32.ceil
  )
  (func $func9 (param $var0 f32) (result f32)
    local.get $var0
    f32.floor
  )
  (func $func10 (param $var0 f32) (result f32)
    local.get $var0
    f32.trunc
  )
  (func $func11 (param $var0 f32) (result f32)
    local.get $var0
    f32.nearest
  )
  (func $func12 (param $var0 f32) (param $var1 f32) (result f32)
    local.get $var0
    local.get $var1
    f32.min
  )
  (func $func13 (param $var0 f32) (param $var1 f32) (result f32)
    local.get $var0
    local.get $var1
    f32.max
  )
  (func $func14 (param $var0 f64) (param $var1 f64) (result f64)
    local.get $var0
    local.get $var1
    f64.add
  )
  (func $func15 (param $var0 f64) (param $var1 f64) (result f64)
    local.get $var0
    local.get $var1
    f64.sub
  )
  (func $func16 (param $var0 f64) (param $var1 f64) (result f64)
    local.get $var0
    local.get $var1
    f64.mul
  )
  (func $func17 (param $var0 f64) (param $var1 f64) (result f64)
    local.get $var0
    local.get $var1
    f64.div
  )
  (func $func18 (param $var0 f64) (result f64)
    local.get $var0
    f64.sqrt
  )
  (func $func19 (param $var0 f64) (result f64)
    local.get $var0
    f64.abs
  )
  (func $func20 (param $var0 f64) (result f64)
    local.get $var0
    f64.neg
  )
  (func $func21 (param $var0 f64) (param $var1 f64) (result f64)
    local.get $var0
    local.get $var1
    f64.copysign
  )
  (func $func22 (param $var0 f64) (result f64)
    local.get $var0
    f64.ceil
  )
  (func $func23 (param $var0 f64) (result f64)
    local.get $var0
    f64.floor
  )
  (func $func24 (param $var0 f64) (result f64)
    local.get $var0
    f64.trunc
  )
  (func $func25 (param $var0 f64) (result f64)
    local.get $var0
    f64.nearest
  )
  (func $func26 (param $var0 f64) (param $var1 f64) (result f64)
    local.get $var0
    local.get $var1
    f64.min
  )
  (func $func27 (param $var0 f64) (param $var1 f64) (result f64)
    local.get $var0
    local.get $var1
    f64.max
  )
)
