(module
  (table $table0 2 2 anyfunc)
  (export "callt" (func $func2))
  (elem (i32.const 0) $func0 $func1)
  (func $func0 (result i32)
    i32.const 1
  )
  (func $func1 (result i32)
    i32.const 2
  )
  (func $func2 (param $var0 i32) (result i32)
    local.get $var0
    call_indirect (result i32)
  )
)
