(module
  (table $table0 5 5 anyfunc)
  (export "f" (func $func2))
  (export "g" (func $func4))
  (export "local-first-i32" (func $func23))
  (export "local-first-i64" (func $func24))
  (export "local-first-f32" (func $func25))
  (export "local-first-f64" (func $func26))
  (export "local-second-i32" (func $func27))
  (export "local-second-i64" (func $func28))
  (export "local-second-f32" (func $func29))
  (export "local-second-f64" (func $func30))
  (export "local-mixed" (func $func31))
  (export "param-first-i32" (func $func32))
  (export "param-first-i64" (func $func33))
  (export "param-first-f32" (func $func34))
  (export "param-first-f64" (func $func35))
  (export "param-second-i32" (func $func36))
  (export "param-second-i64" (func $func37))
  (export "param-second-f32" (func $func38))
  (export "param-second-f64" (func $func39))
  (export "param-mixed" (func $func40))
  (export "empty" (func $func41))
  (export "value-void" (func $func42))
  (export "value-i32" (func $func43))
  (export "value-i64" (func $func44))
  (export "value-f32" (func $func45))
  (export "value-f64" (func $func46))
  (export "value-block-void" (func $func47))
  (export "value-block-i32" (func $func48))
  (export "return-empty" (func $func49))
  (export "return-i32" (func $func50))
  (export "return-i64" (func $func51))
  (export "return-f32" (func $func52))
  (export "return-f64" (func $func53))
  (export "return-block-i32" (func $func54))
  (export "break-empty" (func $func55))
  (export "break-i32" (func $func56))
  (export "break-i64" (func $func57))
  (export "break-f32" (func $func58))
  (export "break-f64" (func $func59))
  (export "break-block-i32" (func $func60))
  (export "break-br_if-empty" (func $func61))
  (export "break-br_if-num" (func $func62))
  (export "break-br_table-empty" (func $func63))
  (export "break-br_table-num" (func $func64))
  (export "break-br_table-nested-empty" (func $func65))
  (export "break-br_table-nested-num" (func $func66))
  (export "init-local-i32" (func $func67))
  (export "init-local-i64" (func $func68))
  (export "init-local-f32" (func $func69))
  (export "init-local-f64" (func $func70))
  (export "signature-explicit-reused" (func $func76))
  (export "signature-implicit-reused" (func $func77))
  (export "signature-explicit-duplicate" (func $func78))
  (export "signature-implicit-duplicate" (func $func79))
  (elem (i32.const 0) $func75 $func73 $func72 $func75 $func71)
  (func $func0
  )
  (func $func1
  )
  (func $func2
  )
  (func $func3
  )
  (func $func4
  )
  (func $func5
  )
  (func $func6
  )
  (func $func7
    (local $var0 i32)
  )
  (func $func8
    (local $var0 i32)
  )
  (func $func9
    (local $var0 i32) (local $var1 f64) (local $var2 i64)
  )
  (func $func10
    (local $var0 i32) (local $var1 f64)
  )
  (func $func11
    (local $var0 i32) (local $var1 f32) (local $var2 i64) (local $var3 i32) (local $var4 f64)
  )
  (func $func12
  )
  (func $func13
  )
  (func $func14 (param $var0 i32)
  )
  (func $func15 (param $var0 i32)
  )
  (func $func16 (param $var0 i32) (param $var1 f64) (param $var2 i64)
  )
  (func $func17 (param $var0 i32) (param $var1 f64)
  )
  (func $func18 (param $var0 i32) (param $var1 f32) (param $var2 i64) (param $var3 i32) (param $var4 f64)
  )
  (func $func19 (result i32)
    unreachable
  )
  (func $func20
  )
  (func $func21 (param $var0 i32) (param $var1 f32) (param $var2 i64) (param $var3 i32) (result i32)
    (local $var4 f32) (local $var5 i32) (local $var6 i64) (local $var7 i32) (local $var8 f64) (local $var9 i32)
    unreachable
    unreachable
  )
  (func $func22
    (local $var0 f32) (local $var1 i32) (local $var2 i64) (local $var3 i32) (local $var4 f64) (local $var5 i32)
    unreachable
    unreachable
  )
  (func $func23 (result i32)
    (local $var0 i32) (local $var1 i32)
    local.get $var0
  )
  (func $func24 (result i64)
    (local $var0 i64) (local $var1 i64)
    local.get $var0
  )
  (func $func25 (result f32)
    (local $var0 f32) (local $var1 f32)
    local.get $var0
  )
  (func $func26 (result f64)
    (local $var0 f64) (local $var1 f64)
    local.get $var0
  )
  (func $func27 (result i32)
    (local $var0 i32) (local $var1 i32)
    local.get $var1
  )
  (func $func28 (result i64)
    (local $var0 i64) (local $var1 i64)
    local.get $var1
  )
  (func $func29 (result f32)
    (local $var0 f32) (local $var1 f32)
    local.get $var1
  )
  (func $func30 (result f64)
    (local $var0 f64) (local $var1 f64)
    local.get $var1
  )
  (func $func31 (result f64)
    (local $var0 f32) (local $var1 i32) (local $var2 i64) (local $var3 i32) (local $var4 f64) (local $var5 i32)
    local.get $var0
    f32.neg
    drop
    local.get $var1
    i32.eqz
    drop
    local.get $var2
    i64.eqz
    drop
    local.get $var3
    i32.eqz
    drop
    local.get $var4
    f64.neg
    drop
    local.get $var5
    i32.eqz
    drop
    local.get $var4
  )
  (func $func32 (param $var0 i32) (param $var1 i32) (result i32)
    local.get $var0
  )
  (func $func33 (param $var0 i64) (param $var1 i64) (result i64)
    local.get $var0
  )
  (func $func34 (param $var0 f32) (param $var1 f32) (result f32)
    local.get $var0
  )
  (func $func35 (param $var0 f64) (param $var1 f64) (result f64)
    local.get $var0
  )
  (func $func36 (param $var0 i32) (param $var1 i32) (result i32)
    local.get $var1
  )
  (func $func37 (param $var0 i64) (param $var1 i64) (result i64)
    local.get $var1
  )
  (func $func38 (param $var0 f32) (param $var1 f32) (result f32)
    local.get $var1
  )
  (func $func39 (param $var0 f64) (param $var1 f64) (result f64)
    local.get $var1
  )
  (func $func40 (param $var0 f32) (param $var1 i32) (param $var2 i64) (param $var3 i32) (param $var4 f64) (param $var5 i32) (result f64)
    local.get $var0
    f32.neg
    drop
    local.get $var1
    i32.eqz
    drop
    local.get $var2
    i64.eqz
    drop
    local.get $var3
    i32.eqz
    drop
    local.get $var4
    f64.neg
    drop
    local.get $var5
    i32.eqz
    drop
    local.get $var4
  )
  (func $func41
  )
  (func $func42
    call $func0
  )
  (func $func43 (result i32)
    i32.const 77
  )
  (func $func44 (result i64)
    i64.const 7777
  )
  (func $func45 (result f32)
    f32.const 77.69999694824219
  )
  (func $func46 (result f64)
    f64.const 77.77
  )
  (func $func47
    block
      call $func0
      call $func0
    end
  )
  (func $func48 (result i32)
    block (result i32)
      call $func0
      i32.const 77
    end
  )
  (func $func49
    return
  )
  (func $func50 (result i32)
    i32.const 78
    return
  )
  (func $func51 (result i64)
    i64.const 7878
    return
  )
  (func $func52 (result f32)
    f32.const 78.69999694824219
    return
  )
  (func $func53 (result f64)
    f64.const 78.78
    return
  )
  (func $func54 (result i32)
    block (result i32)
      call $func0
      i32.const 77
    end
    return
  )
  (func $func55
    br 0
  )
  (func $func56 (result i32)
    i32.const 79
    br 0
  )
  (func $func57 (result i64)
    i64.const 7979
    br 0
  )
  (func $func58 (result f32)
    f32.const 79.9000015258789
    br 0
  )
  (func $func59 (result f64)
    f64.const 79.79
    br 0
  )
  (func $func60 (result i32)
    block (result i32)
      call $func0
      i32.const 77
    end
    br 0
  )
  (func $func61 (param $var0 i32)
    local.get $var0
    br_if 0
  )
  (func $func62 (param $var0 i32) (result i32)
    i32.const 50
    local.get $var0
    br_if 0
    drop
    i32.const 51
  )
  (func $func63 (param $var0 i32)
    local.get $var0
    br_table 0 0 0
  )
  (func $func64 (param $var0 i32) (result i32)
    i32.const 50
    local.get $var0
    br_table 0 0
    i32.const 51
  )
  (func $func65 (param $var0 i32)
    block $label0
      local.get $var0
      br_table $label0 1 $label0
    end $label0
  )
  (func $func66 (param $var0 i32) (result i32)
    block $label0 (result i32)
      i32.const 50
      local.get $var0
      br_table $label0 1 $label0
      i32.const 51
    end $label0
    i32.const 2
    i32.add
  )
  (func $func67 (result i32)
    (local $var0 i32)
    local.get $var0
  )
  (func $func68 (result i64)
    (local $var0 i64)
    local.get $var0
  )
  (func $func69 (result f32)
    (local $var0 f32)
    local.get $var0
  )
  (func $func70 (result f64)
    (local $var0 f64)
    local.get $var0
  )
  (func $func71
  )
  (func $func72 (param $var0 f64) (param $var1 i64) (param $var2 f64) (param $var3 i64) (param $var4 f64) (param $var5 i64) (param $var6 f32) (param $var7 i32)
  )
  (func $func73
  )
  (func $func74 (param $var0 f64) (param $var1 i64) (param $var2 f64) (param $var3 i64) (param $var4 f64) (param $var5 i64) (param $var6 f32) (param $var7 i32)
  )
  (func $func75 (param $var0 f64) (param $var1 i64) (param $var2 f64) (param $var3 i64) (param $var4 f64) (param $var5 i64) (param $var6 f32) (param $var7 i32)
  )
  (func $func76
    i32.const 1
    call_indirect
    i32.const 4
    call_indirect
  )
  (func $func77
    f64.const 0.0
    i64.const 0
    f64.const 0.0
    i64.const 0
    f64.const 0.0
    i64.const 0
    f32.const 0.0
    i32.const 0
    i32.const 0
    call_indirect (param f64 i64 f64 i64 f64 i64 f32 i32)
    f64.const 0.0
    i64.const 0
    f64.const 0.0
    i64.const 0
    f64.const 0.0
    i64.const 0
    f32.const 0.0
    i32.const 0
    i32.const 2
    call_indirect (param f64 i64 f64 i64 f64 i64 f32 i32)
    f64.const 0.0
    i64.const 0
    f64.const 0.0
    i64.const 0
    f64.const 0.0
    i64.const 0
    f32.const 0.0
    i32.const 0
    i32.const 3
    call_indirect (param f64 i64 f64 i64 f64 i64 f32 i32)
  )
  (func $func78
    i32.const 1
    call_indirect
  )
  (func $func79
    f64.const 0.0
    i64.const 0
    f64.const 0.0
    i64.const 0
    f64.const 0.0
    i64.const 0
    f32.const 0.0
    i32.const 0
    i32.const 0
    call_indirect (param f64 i64 f64 i64 f64 i64 f32 i32)
  )
)
