(module
  (memory $memory0 (import "spectest" "memory") 1 2)
)
