(module
  (memory $memory0 (import "test" "memory-2-inf") 2 3)
)
