(module
  (func $import0 (import "test" "func-i32->i32") (result i32))
)
