(module
  (table $table0 (import "test" "table-10-inf") 5 anyfunc)
)
