(module
  (table $table0 (import "spectest" "table") 12 anyfunc)
)
