(module
  (global $global0 (import "spectest" "print") i32)
)
