(module
  (memory $memory0 (import "test" "global-i32") 1)
)
