(module
  (memory $memory0 (import "spectest" "print") 1)
)
