(module
  (global $global0 (import "test" "table-10-inf") i32)
)
