(module
  (global $global0 (import "test" "func") i32)
)
