(module
  (func $import0 (import "test" "func->f32") (result f32))
)
