(module
  (table $table0 (import "spectest" "table") 5 anyfunc)
)
