(module
  (table $table0 (import "test" "unknown") 10 anyfunc)
)
