(module
  (table $table0 (import "spectest" "unknown") 10 anyfunc)
)
