(module
  (func $import0 (import "spectest" "print") (param i32))
  (func $import1 (import "spectest" "print") (param i32))
  (func $import2 (import "spectest" "print") (param f32))
  (func $import3 (import "spectest" "print") (param f64))
  (func $import4 (import "spectest" "print") (param i32 f32))
  (func $import5 (import "spectest" "print") (param f64 f64))
  (func $import6 (import "spectest" "print") (param i32))
  (func $import7 (import "spectest" "print") (param f64))
  (func $import8 (import "test" "func-i64->i64") (param i64) (result i64))
  (table $table0 2 2 anyfunc)
  (export "print32" (func $func9))
  (export "print64" (func $func10))
  (elem (i32.const 0) $import1 $import3)
  (func $func9 (param $var0 i32)
    (local $var1 f32)
    local.get $var0
    f32.convert_i32_s
    local.set $var1
    local.get $var0
    call $import0
    local.get $var0
    i32.const 1
    i32.add
    f32.const 42
    call $import4
    local.get $var0
    call $import1
    local.get $var0
    call $import6
    local.get $var1
    call $import2
    local.get $var0
    i32.const 0
    call_indirect (param i32)
  )
  (func $func10 (param $var0 i64)
    (local $var1 f64)
    local.get $var0
    call $import8
    f64.convert_i64_s
    local.set $var1
    local.get $var1
    f64.const 1
    f64.add
    f64.const 53
    call $import5
    local.get $var1
    call $import3
    local.get $var1
    call $import7
    local.get $var1
    i32.const 1
    call_indirect (param f64)
  )
)
