(module
  (export "i32.no_fold_rem_s_2" (func $func0))
  (export "i64.no_fold_rem_s_2" (func $func1))
  (func $func0 (param $var0 i32) (result i32)
    local.get $var0
    i32.const 2
    i32.rem_s
  )
  (func $func1 (param $var0 i64) (result i64)
    local.get $var0
    i64.const 2
    i64.rem_s
  )
)
