(module
  (memory $memory0 (import "Mm" "mem") 1)
  (table $table0 0 anyfunc)
  (elem (i32.const 0) $func0)
  (func $func0
  )
  (data (i32.const 0) "abc")
)
