(module
  (func $import0 (import "Mt" "h") (result i32))
  (table $table0 (import "Mt" "tab") 5 anyfunc)
  (export "call" (func $func2))
  (elem (i32.const 1) $func1 $import0)
  (func $func1 (result i32)
    i32.const 6
  )
  (func $func2 (param $var0 i32) (result i32)
    local.get $var0
    call_indirect (result i32)
  )
)
