(module
  (table $table0 0 anyfunc)
  (memory $memory0 0)
  (elem  anyfunc (ref.func $func0) (ref.null))
  (elem  $func1)
  (func $func0
    i32.const 0
    i32.const 0
    i32.const 0
    memory.init 0
    data.drop 0
    i32.const 0
    i32.const 0
    i32.const 0
    memory.copy
    i32.const 0
    i32.const 0
    i32.const 0
    memory.fill
    i32.const 0
    i32.const 0
    i32.const 0
    table.init 0
    elem.drop 0
    i32.const 0
    i32.const 0
    i32.const 0
    table.copy
  )
  (func $func1
  )
  (data  "hi")
)
