(module
  (table $table0 1 1 anyfunc)
  (memory $memory0 1)
  (export "type-i32" (func $func1))
  (export "type-i64" (func $func2))
  (export "type-f32" (func $func3))
  (export "type-f64" (func $func4))
  (export "nullary" (func $func5))
  (export "unary" (func $func6))
  (export "as-func-first" (func $func7))
  (export "as-func-mid" (func $func8))
  (export "as-func-last" (func $func9))
  (export "as-func-value" (func $func10))
  (export "as-block-first" (func $func11))
  (export "as-block-mid" (func $func12))
  (export "as-block-last" (func $func13))
  (export "as-block-value" (func $func14))
  (export "as-loop-first" (func $func15))
  (export "as-loop-mid" (func $func16))
  (export "as-loop-last" (func $func17))
  (export "as-br-value" (func $func18))
  (export "as-br_if-cond" (func $func19))
  (export "as-br_if-value" (func $func20))
  (export "as-br_if-value-cond" (func $func21))
  (export "as-br_table-index" (func $func22))
  (export "as-br_table-value" (func $func23))
  (export "as-br_table-value-index" (func $func24))
  (export "as-return-value" (func $func25))
  (export "as-if-cond" (func $func26))
  (export "as-if-then" (func $func27))
  (export "as-if-else" (func $func28))
  (export "as-select-first" (func $func29))
  (export "as-select-second" (func $func30))
  (export "as-select-cond" (func $func31))
  (export "as-call-first" (func $func33))
  (export "as-call-mid" (func $func34))
  (export "as-call-last" (func $func35))
  (export "as-call_indirect-func" (func $func36))
  (export "as-call_indirect-first" (func $func37))
  (export "as-call_indirect-mid" (func $func38))
  (export "as-call_indirect-last" (func $func39))
  (export "as-set_local-value" (func $func40))
  (export "as-load-address" (func $func41))
  (export "as-loadN-address" (func $func42))
  (export "as-store-address" (func $func43))
  (export "as-store-value" (func $func44))
  (export "as-storeN-address" (func $func45))
  (export "as-storeN-value" (func $func46))
  (export "as-unary-operand" (func $func47))
  (export "as-binary-left" (func $func48))
  (export "as-binary-right" (func $func49))
  (export "as-test-operand" (func $func50))
  (export "as-compare-left" (func $func51))
  (export "as-compare-right" (func $func52))
  (export "as-convert-operand" (func $func53))
  (export "as-grow_memory-size" (func $func54))
  (elem (i32.const 0) $func32)
  (func $func0
  )
  (func $func1
    return
    i32.ctz
    drop
  )
  (func $func2
    return
    i64.ctz
    drop
  )
  (func $func3
    return
    f32.neg
    drop
  )
  (func $func4
    return
    f64.neg
    drop
  )
  (func $func5
    return
  )
  (func $func6 (result f64)
    f64.const 3
    return
  )
  (func $func7 (result i32)
    i32.const 1
    return
    i32.const 2
  )
  (func $func8 (result i32)
    call $func0
    i32.const 2
    return
    i32.const 3
  )
  (func $func9
    nop
    call $func0
    return
  )
  (func $func10 (result i32)
    nop
    call $func0
    i32.const 3
    return
  )
  (func $func11
    block
      return
      call $func0
    end
  )
  (func $func12
    block
      call $func0
      return
      call $func0
    end
  )
  (func $func13
    block
      nop
      call $func0
      return
    end
  )
  (func $func14 (result i32)
    block (result i32)
      nop
      call $func0
      i32.const 2
      return
    end
  )
  (func $func15 (result i32)
    loop (result i32)
      i32.const 3
      return
      i32.const 2
    end
  )
  (func $func16 (result i32)
    loop (result i32)
      call $func0
      i32.const 4
      return
      i32.const 2
    end
  )
  (func $func17 (result i32)
    loop (result i32)
      nop
      call $func0
      i32.const 5
      return
    end
  )
  (func $func18 (result i32)
    block $label0 (result i32)
      i32.const 9
      return
      br $label0
    end $label0
  )
  (func $func19
    block $label0
      return
      br_if $label0
    end $label0
  )
  (func $func20 (result i32)
    block $label0 (result i32)
      i32.const 8
      return
      i32.const 1
      br_if $label0
      drop
      i32.const 7
    end $label0
  )
  (func $func21 (result i32)
    block $label0 (result i32)
      i32.const 6
      i32.const 9
      return
      br_if $label0
      drop
      i32.const 7
    end $label0
  )
  (func $func22 (result i64)
    block $label0
      i64.const 9
      return
      br_table $label0 $label0 $label0
    end $label0
    i64.const -1
  )
  (func $func23 (result i32)
    block $label0 (result i32)
      i32.const 10
      return
      i32.const 1
      br_table $label0 $label0 $label0
      i32.const 7
    end $label0
  )
  (func $func24 (result i32)
    block $label0 (result i32)
      i32.const 6
      i32.const 11
      return
      br_table $label0 $label0
      i32.const 7
    end $label0
  )
  (func $func25 (result i64)
    i64.const 7
    return
    return
  )
  (func $func26 (result i32)
    i32.const 2
    return
    if (result i32)
      i32.const 0
    else
      i32.const 1
    end
  )
  (func $func27 (param $var0 i32) (param $var1 i32) (result i32)
    local.get $var0
    if (result i32)
      i32.const 3
      return
    else
      local.get $var1
    end
  )
  (func $func28 (param $var0 i32) (param $var1 i32) (result i32)
    local.get $var0
    if (result i32)
      local.get $var1
    else
      i32.const 4
      return
    end
  )
  (func $func29 (param $var0 i32) (param $var1 i32) (result i32)
    i32.const 5
    return
    local.get $var0
    local.get $var1
    select
  )
  (func $func30 (param $var0 i32) (param $var1 i32) (result i32)
    local.get $var0
    i32.const 6
    return
    local.get $var1
    select
  )
  (func $func31 (result i32)
    i32.const 0
    i32.const 1
    i32.const 7
    return
    select
  )
  (func $func32 (param $var0 i32) (param $var1 i32) (param $var2 i32) (result i32)
    i32.const -1
  )
  (func $func33 (result i32)
    i32.const 12
    return
    i32.const 2
    i32.const 3
    call $func32
  )
  (func $func34 (result i32)
    i32.const 1
    i32.const 13
    return
    i32.const 3
    call $func32
  )
  (func $func35 (result i32)
    i32.const 1
    i32.const 2
    i32.const 14
    return
    call $func32
  )
  (func $func36 (result i32)
    i32.const 20
    return
    i32.const 1
    i32.const 2
    i32.const 3
    call_indirect (param i32 i32 i32) (result i32)
  )
  (func $func37 (result i32)
    i32.const 0
    i32.const 21
    return
    i32.const 2
    call_indirect (result i32)
  )
  (func $func38 (result i32)
    i32.const 0
    i32.const 1
    i32.const 22
    return
    i32.const 3
    call_indirect (result i32)
  )
  (func $func39 (result i32)
    i32.const 0
    i32.const 1
    i32.const 2
    i32.const 23
    return
    call_indirect (result i32)
  )
  (func $func40 (result i32)
    (local $var0 f32)
    i32.const 17
    return
    local.set $var0
    i32.const -1
  )
  (func $func41 (result f32)
    f32.const 1.7000000476837158
    return
    f32.load
  )
  (func $func42 (result i64)
    i64.const 30
    return
    i64.load8_s
  )
  (func $func43 (result i32)
    i32.const 30
    return
    f64.const 7
    f64.store
    i32.const -1
  )
  (func $func44 (result i32)
    i32.const 2
    i32.const 31
    return
    i64.store
    i32.const -1
  )
  (func $func45 (result i32)
    i32.const 32
    return
    i32.const 7
    i32.store8
    i32.const -1
  )
  (func $func46 (result i32)
    i32.const 2
    i32.const 33
    return
    i64.store16
    i32.const -1
  )
  (func $func47 (result f32)
    f32.const 3.4000000953674316
    return
    f32.neg
  )
  (func $func48 (result i32)
    i32.const 3
    return
    i32.const 10
    i32.add
  )
  (func $func49 (result i64)
    i64.const 10
    i64.const 45
    return
    i64.sub
  )
  (func $func50 (result i32)
    i32.const 44
    return
    i32.eqz
  )
  (func $func51 (result i32)
    i32.const 43
    return
    f64.const 10
    f64.le
  )
  (func $func52 (result i32)
    f32.const 10
    i32.const 42
    return
    f32.ne
  )
  (func $func53 (result i32)
    i32.const 41
    return
    i32.wrap_i64
  )
  (func $func54 (result i32)
    i32.const 40
    return
    memory.grow
  )
)
