(module
  (table $table0 3 anyfunc)
  (table $table1 3 anyfunc)
  (table $table2 5 anyfunc)
  (export "call1" (func $func6))
  (export "return_call1" (func $func7))
  (export "call2" (func $func8))
  (export "return_call2" (func $func9))
  (export "call_invalid_sig" (func $func10))
  (export "return_call_invalid_sig" (func $func11))
  (elem (i32.const 0) $func0 $func0 $func0)
  (elem (i32.const 0) $func1 $func2 $func3)
  (elem (i32.const 1) $func0 $func0 $func4 $func5)
  (func $func0 (result i32)
    unreachable
  )
  (func $func1 (result i32)
    i32.const 16
  )
  (func $func2 (result i32)
    i32.const 26
  )
  (func $func3 (result i32)
    i32.const 36
  )
  (func $func4 (result i32)
    i32.const 46
  )
  (func $func5 (result i32)
    i32.const 56
  )
  (func $func6 (param $var0 i32) (result i32)
    local.get $var0
    call_indirect (result i32)
  )
  (func $func7 (param $var0 i32) (result i32)
    local.get $var0
    return_call_indirect (result i32)
  )
  (func $func8 (param $var0 i32) (result i32)
    local.get $var0
    call_indirect (result i32)
  )
  (func $func9 (param $var0 i32) (result i32)
    local.get $var0
    return_call_indirect (result i32)
  )
  (func $func10 (param $var0 i32) (result i32)
    local.get $var0
    local.get $var0
    call_indirect (param i32) (result i32)
  )
  (func $func11 (param $var0 i32) (result i32)
    local.get $var0
    local.get $var0
    return_call_indirect (param i32) (result i32)
  )
)
