(module
  (export "main" (func $func1))
  (func $func0 (param $var0 i32) (param $var1 i32) (result i32)
    local.get $var0
    i32.const 1
    i32.le_s
    if (result i32)
      local.get $var1
    else
      local.get $var0
      i32.const 1
      i32.sub
      local.get $var0
      local.get $var1
      i32.mul
      return_call $func0
    end
  )
  (func $func1 (param $var0 i32) (result i32)
    local.get $var0
    i32.const 1
    return_call $func0
  )
)
