(module
  (export "select_i32" (func $func0))
  (export "select_i64" (func $func1))
  (export "select_f32" (func $func2))
  (export "select_f64" (func $func3))
  (export "select_trap_l" (func $func4))
  (export "select_trap_r" (func $func5))
  (export "select_unreached" (func $func6))
  (func $func0 (param $var0 i32) (param $var1 i32) (param $var2 i32) (result i32)
    local.get $var0
    local.get $var1
    local.get $var2
    select
  )
  (func $func1 (param $var0 i64) (param $var1 i64) (param $var2 i32) (result i64)
    local.get $var0
    local.get $var1
    local.get $var2
    select
  )
  (func $func2 (param $var0 f32) (param $var1 f32) (param $var2 i32) (result f32)
    local.get $var0
    local.get $var1
    local.get $var2
    select
  )
  (func $func3 (param $var0 f64) (param $var1 f64) (param $var2 i32) (result f64)
    local.get $var0
    local.get $var1
    local.get $var2
    select
  )
  (func $func4 (param $var0 i32) (result i32)
    unreachable
    i32.const 0
    local.get $var0
    select
  )
  (func $func5 (param $var0 i32) (result i32)
    i32.const 0
    unreachable
    local.get $var0
    select
  )
  (func $func6
    unreachable
    select
    unreachable
    i32.const 0
    select
    unreachable
    i32.const 0
    i32.const 0
    select
    unreachable
    f32.const 0.0
    i32.const 0
    select
    unreachable
  )
)
